// Jest Snapshot v1, https://goo.gl/fbAQLP

exports[`CageList render component 1`] = `
<div
  className="cage-list"
/>
`;
